Right (fromList [("RateLimit",Number 150.0),("LogLevel",String "info"),("VerifyCertificate",Bool True),("RecordMaxBufferedTime",Number 100.0),("ConnectTimeout",Number 6000.0),("MetricsGranularity",String "shard"),("KinesisEndpoint",String "kinesis.ap-southeast-2.amazonaws.com"),("KinesisPort",Number 443.0),("RecordTtl",Number 30000.0),("MaxConnections",Number 24.0),("MetricsUploadDelay",Number 60000.0),("MetricsNamespace",String "KinesisProducerLibrary"),("CollectionMaxSize",Number 5242880.0),("ThreadPoolSize",Number 1.0),("MinConnections",Number 1.0),("RequestTimeout",Number 6000.0),("AggregationMaxSize",Number 51200.0),("Region",String "ap-souteast-2"),("AggregationMaxCount",Number 4.294967295e9),("ThreadingModel",String "PER_REQUEST"),("FailIfThrottled",Bool False),("MetricsLevel",String "detailed"),("AggregationEnabled",Bool True),("CollectionMaxCount",Number 500.0)])